[html.kodesolution.com/2023/immigro-html/index-2-dark.html]
[backblue.gif]
[fade.gif]
[index.html]
[html.kodesolution.com/2023/immigro-html/css/bootstrap.min.css]
[html.kodesolution.com/2023/immigro-html/css/style.css]
[html.kodesolution.com/2023/immigro-html/css/style-dark.css]
[html.kodesolution.com/2023/immigro-html/images/favicon.png]
[html.kodesolution.com/2023/immigro-html/index.html]
[html.kodesolution.com/2023/immigro-html/images/logo-3.png]
[html.kodesolution.com/2023/immigro-html/index-2.html]
[html.kodesolution.com/2023/immigro-html/index-3.html]
[html.kodesolution.com/2023/immigro-html/index-1-dark.html]
[html.kodesolution.com/2023/immigro-html/index-3-dark.html]
[html.kodesolution.com/2023/immigro-html/index-1-boxed.html]
[html.kodesolution.com/2023/immigro-html/index-2-boxed.html]
[html.kodesolution.com/2023/immigro-html/index-3-boxed.html]
[html.kodesolution.com/2023/immigro-html/index-1-Single.html]
[html.kodesolution.com/2023/immigro-html/index-2-Single.html]
[html.kodesolution.com/2023/immigro-html/index-3-Single.html]
[html.kodesolution.com/2023/immigro-html/index-1-rtl.html]
[html.kodesolution.com/2023/immigro-html/page-about.html]
[html.kodesolution.com/2023/immigro-html/page-country.html]
[html.kodesolution.com/2023/immigro-html/page-country-details.html]
[html.kodesolution.com/2023/immigro-html/page-team.html]
[html.kodesolution.com/2023/immigro-html/page-team-details.html]
[html.kodesolution.com/2023/immigro-html/page-testimonial.html]
[html.kodesolution.com/2023/immigro-html/shop-products.html]
[html.kodesolution.com/2023/immigro-html/shop-products-sidebar.html]
[html.kodesolution.com/2023/immigro-html/shop-product-details.html]
[html.kodesolution.com/2023/immigro-html/shop-cart.html]
[html.kodesolution.com/2023/immigro-html/shop-checkout.html]
[html.kodesolution.com/2023/immigro-html/page-FAQ.html]
[html.kodesolution.com/2023/immigro-html/page-404.html]
[html.kodesolution.com/2023/immigro-html/page-service.html]
[html.kodesolution.com/2023/immigro-html/page-service-details.html]
[html.kodesolution.com/2023/immigro-html/page-course.html]
[html.kodesolution.com/2023/immigro-html/page-course-details.html]
[html.kodesolution.com/2023/immigro-html/news-grid.html]
[html.kodesolution.com/2023/immigro-html/news-details.html]
[html.kodesolution.com/2023/immigro-html/page-contact.html]
[html.kodesolution.com/2023/immigro-html/images/icons/icon-phone.png]
[html.kodesolution.com/2023/immigro-html/images/logo.png]
[html.kodesolution.com/2023/immigro-html/images/main-slider/2.jpg]
[html.kodesolution.com/2023/immigro-html/images/main-slider/3.jpg]
[html.kodesolution.com/2023/immigro-html/images/resource/feature-1.jpg]
[html.kodesolution.com/2023/immigro-html/images/resource/feature-2.jpg]
[html.kodesolution.com/2023/immigro-html/images/resource/feature-3.jpg]
[html.kodesolution.com/2023/immigro-html/images/resource/about-6.jpg]
[html.kodesolution.com/2023/immigro-html/images/resource/about-5.jpg]
[html.kodesolution.com/2023/immigro-html/images/resource/about-4.png]
[html.kodesolution.com/2023/immigro-html/images/background/2.jpg]
[html.kodesolution.com/2023/immigro-html/images/resource/service-6.jpg]
[html.kodesolution.com/2023/immigro-html/images/resource/service-7.jpg]
[html.kodesolution.com/2023/immigro-html/images/resource/service-8.jpg]
[html.kodesolution.com/2023/immigro-html/images/resource/service-9.jpg]
[html.kodesolution.com/2023/immigro-html/images/resource/flag-1.png]
[html.kodesolution.com/2023/immigro-html/images/resource/flag-2.png]
[html.kodesolution.com/2023/immigro-html/images/resource/flag-3.png]
[html.kodesolution.com/2023/immigro-html/images/resource/flag-4.png]
[html.kodesolution.com/2023/immigro-html/images/resource/flag-5.png]
[html.kodesolution.com/2023/immigro-html/images/resource/flag-6.png]
[html.kodesolution.com/2023/immigro-html/images/resource/training-4.jpg]
[html.kodesolution.com/2023/immigro-html/images/resource/training-5.jpg]
[html.kodesolution.com/2023/immigro-html/images/resource/training-6.jpg]
[html.kodesolution.com/2023/immigro-html/images/resource/team-1.jpg]
[html.kodesolution.com/2023/immigro-html/images/resource/team-2.jpg]
[html.kodesolution.com/2023/immigro-html/images/resource/team-3.jpg]
[html.kodesolution.com/2023/immigro-html/images/resource/client.png]
[html.kodesolution.com/2023/immigro-html/images/resource/plane.png]
[html.kodesolution.com/2023/immigro-html/images/background/4.jpg]
[html.kodesolution.com/2023/immigro-html/images/resource/badge.png]
[html.kodesolution.com/2023/immigro-html/images/resource/news-1.jpg]
[html.kodesolution.com/2023/immigro-html/images/resource/news-2.jpg]
[html.kodesolution.com/2023/immigro-html/images/resource/news-3.jpg]
[html.kodesolution.com/2023/immigro-html/images/logo-2.png]
[html.kodesolution.com/2023/immigro-html/images/resource/project-thumb-1.jpg]
[html.kodesolution.com/2023/immigro-html/images/resource/project-thumb-2.jpg]
[html.kodesolution.com/2023/immigro-html/images/resource/project-thumb-3.jpg]
[html.kodesolution.com/2023/immigro-html/images/resource/project-thumb-4.jpg]
[html.kodesolution.com/2023/immigro-html/images/resource/project-thumb-5.jpg]
[html.kodesolution.com/2023/immigro-html/images/resource/project-thumb-6.jpg]
[html.kodesolution.com/cdn-cgi/scripts/5c5dd728/cloudflare-static/email-decode.min.js]
[html.kodesolution.com/2023/immigro-html/js/jquery.js]
[html.kodesolution.com/2023/immigro-html/js/popper.min.js]
[html.kodesolution.com/2023/immigro-html/plugins/revolution/js/jquery.themepunch.revolution.min.js]
[html.kodesolution.com/2023/immigro-html/plugins/revolution/js/jquery.themepunch.tools.min.js]
[html.kodesolution.com/2023/immigro-html/plugins/revolution/js/extensions/revolution.extension.actions.min.js]
[html.kodesolution.com/2023/immigro-html/plugins/revolution/js/extensions/revolution.extension.carousel.min.js]
[html.kodesolution.com/2023/immigro-html/plugins/revolution/js/extensions/revolution.extension.kenburn.min.js]
[html.kodesolution.com/2023/immigro-html/plugins/revolution/js/extensions/revolution.extension.layeranimation.min.js]
[html.kodesolution.com/2023/immigro-html/plugins/revolution/js/extensions/revolution.extension.migration.min.js]
[html.kodesolution.com/2023/immigro-html/plugins/revolution/js/extensions/revolution.extension.navigation.min.js]
[html.kodesolution.com/2023/immigro-html/plugins/revolution/js/extensions/revolution.extension.parallax.min.js]
[html.kodesolution.com/2023/immigro-html/plugins/revolution/js/extensions/revolution.extension.slideanims.min.js]
[html.kodesolution.com/2023/immigro-html/plugins/revolution/js/extensions/revolution.extension.video.min.js]
[html.kodesolution.com/2023/immigro-html/js/main-slider-script.js]
[html.kodesolution.com/2023/immigro-html/js/bootstrap.min.js]
[html.kodesolution.com/2023/immigro-html/js/jquery.fancybox.js]
[html.kodesolution.com/2023/immigro-html/js/wow.js]
[html.kodesolution.com/2023/immigro-html/js/jquery-ui.js]
[html.kodesolution.com/2023/immigro-html/js/appear.js]
[html.kodesolution.com/2023/immigro-html/js/select2.min.js]
[html.kodesolution.com/2023/immigro-html/js/swiper.min.js]
[html.kodesolution.com/2023/immigro-html/js/owl.js]
[html.kodesolution.com/2023/immigro-html/js/script.js]
[html.kodesolution.com/2023/immigro-html/index-2-dark.html]
[html.kodesolution.com/2023/immigro-html/css/bootstrap.min.css]
[html.kodesolution.com/2023/immigro-html/css/animate.css]
[html.kodesolution.com/2023/immigro-html/css/owl.css]
[html.kodesolution.com/2023/immigro-html/css/swiper.min.css]
[html.kodesolution.com/2023/immigro-html/css/jquery.fancybox.min.css]
[html.kodesolution.com/2023/immigro-html/css/jquery-ui.css]
[html.kodesolution.com/2023/immigro-html/css/linear.css]
[html.kodesolution.com/2023/immigro-html/css/select2.min.css]
[html.kodesolution.com/2023/immigro-html/css/fontawesome.css]
[html.kodesolution.com/2023/immigro-html/css/flaticon.css]
[html.kodesolution.com/2023/immigro-html/css/tm-bs-mp.css]
[html.kodesolution.com/2023/immigro-html/css/tm-utility-classes.css]
[html.kodesolution.com/2023/immigro-html/images/icons/preloader.gif]
[html.kodesolution.com/2023/immigro-html/images/icons/pattern-1.png]
[html.kodesolution.com/2023/immigro-html/images/icons/pattern-2.jpg]
[html.kodesolution.com/2023/immigro-html/images/icons/pattern-3.jpg]
[html.kodesolution.com/2023/immigro-html/images/icons/pattern-4.jpg]
[html.kodesolution.com/2023/immigro-html/images/icons/pattern-5.png]
[html.kodesolution.com/2023/immigro-html/images/icons/pattern-6.jpg]
[html.kodesolution.com/2023/immigro-html/images/icons/pattern-7.png]
[html.kodesolution.com/2023/immigro-html/images/icons/pattern-8.jpg]
[html.kodesolution.com/2023/immigro-html/images/icons/pattern-9.jpg]
[html.kodesolution.com/2023/immigro-html/images/icons/pattern-10.jpg]
[html.kodesolution.com/2023/immigro-html/images/icons/icon-dots.png]
[html.kodesolution.com/2023/immigro-html/images/icons/arrow-up.png]
[html.kodesolution.com/2023/immigro-html/images/icons/logo-bg.png]
[html.kodesolution.com/2023/immigro-html/images/main-slider/shape-2.png]
[html.kodesolution.com/2023/immigro-html/images/icons/shape-11.png]
[html.kodesolution.com/2023/immigro-html/images/icons/map3.png]
[html.kodesolution.com/2023/immigro-html/images/icons/shape-10.png]
[html.kodesolution.com/2023/immigro-html/images/icons/shape-2.png]
[html.kodesolution.com/2023/immigro-html/images/icons/shape-4.png]
[html.kodesolution.com/2023/immigro-html/images/icons/map2.png]
[html.kodesolution.com/2023/immigro-html/images/icons/line-5.png]
[html.kodesolution.com/2023/immigro-html/images/icons/shape-3.jpg]
[html.kodesolution.com/2023/immigro-html/images/icons/dotted-map-2.png]
[html.kodesolution.com/2023/immigro-html/images/icons/shape-5.png]
[html.kodesolution.com/2023/immigro-html/images/icons/shape-7.png]
[html.kodesolution.com/2023/immigro-html/images/icons/shape-1.png]
[html.kodesolution.com/2023/immigro-html/images/icons/shape-6.jpg]
[html.kodesolution.com/2023/immigro-html/images/icons/lines.png]
[html.kodesolution.com/2023/immigro-html/images/icons/shape-8.png]
[html.kodesolution.com/2023/immigro-html/images/icons/pattern-3.png]
[html.kodesolution.com/2023/immigro-html/images/icons/cat-1-bg.png]
[html.kodesolution.com/2023/immigro-html/images/icons/cat-2-bg.png]
[html.kodesolution.com/2023/immigro-html/images/icons/cat-3-bg.png]
[html.kodesolution.com/2023/immigro-html/images/icons/cat-4-bg.png]
[html.kodesolution.com/2023/immigro-html/images/icons/pattern-8.png]
[html.kodesolution.com/2023/immigro-html/images/icons/shape-9.png]
[html.kodesolution.com/2023/immigro-html/css/style.css]
[html.kodesolution.com/2023/immigro-html/images/icons/shapes-dark.png]
[html.kodesolution.com/2023/immigro-html/images/icons/pattern-1-dark.png]
[html.kodesolution.com/2023/immigro-html/images/icons/pattern-2-dark.jpg]
[html.kodesolution.com/2023/immigro-html/images/icons/pattern-3-dark.jpg]
[html.kodesolution.com/2023/immigro-html/images/icons/pattern-5-dark.png]
[html.kodesolution.com/2023/immigro-html/images/icons/pattern-6-dark.jpg]
[html.kodesolution.com/2023/immigro-html/images/icons/lines-dark.png]
[html.kodesolution.com/2023/immigro-html/images/icons/pattern-8-dark.jpg]
[html.kodesolution.com/2023/immigro-html/images/icons/pattern-9-dark.jpg]
[html.kodesolution.com/2023/immigro-html/css/style-dark.css]
[html.kodesolution.com/2023/immigro-html/plugins/revolution/css/settings.css]
[html.kodesolution.com/2023/immigro-html/plugins/revolution/css/layers.css]
[html.kodesolution.com/2023/immigro-html/plugins/revolution/css/navigation.css]
[html.kodesolution.com/2023/immigro-html/images/main-slider/1.jpg]
[html.kodesolution.com/2023/immigro-html/images/icons/map.png]
[html.kodesolution.com/2023/immigro-html/images/resource/about-1.jpg]
[html.kodesolution.com/2023/immigro-html/images/resource/about-2.jpg]
[html.kodesolution.com/2023/immigro-html/images/resource/about-3.jpg]
[html.kodesolution.com/2023/immigro-html/images/resource/image-1.jpg]
[html.kodesolution.com/2023/immigro-html/images/resource/training-1.jpg]
[html.kodesolution.com/2023/immigro-html/images/resource/training-2.jpg]
[html.kodesolution.com/2023/immigro-html/images/resource/training-3.jpg]
[html.kodesolution.com/2023/immigro-html/images/resource/service-1.jpg]
[html.kodesolution.com/2023/immigro-html/images/resource/service-2.jpg]
[html.kodesolution.com/2023/immigro-html/images/resource/service-3.jpg]
[html.kodesolution.com/2023/immigro-html/images/resource/service-4.jpg]
[html.kodesolution.com/2023/immigro-html/images/resource/service-5.jpg]
[html.kodesolution.com/2023/immigro-html/images/resource/gallery-1.jpg]
[html.kodesolution.com/2023/immigro-html/images/resource/gallery-2.jpg]
[html.kodesolution.com/2023/immigro-html/images/resource/gallery-3.jpg]
[html.kodesolution.com/2023/immigro-html/images/resource/gallery-4.jpg]
[html.kodesolution.com/2023/immigro-html/images/background/1.jpg]
[html.kodesolution.com/2023/immigro-html/images/resource/testi-thumb-1.jpg]
[html.kodesolution.com/2023/immigro-html/images/resource/testi-thumb-2.jpg]
[html.kodesolution.com/2023/immigro-html/images/resource/testi-thumb-3.jpg]
[html.kodesolution.com/2023/immigro-html/images/resource/ceo-thumb.jpg]
[html.kodesolution.com/2023/immigro-html/index.html]
[html.kodesolution.com/2023/immigro-html/index-2.html]
[html.kodesolution.com/2023/immigro-html/images/logo-4.png]
[html.kodesolution.com/2023/immigro-html/images/main-slider/5.jpg]
[html.kodesolution.com/2023/immigro-html/images/resource/avatar-1.jpg]
[html.kodesolution.com/2023/immigro-html/images/resource/avatar-3.jpg]
[html.kodesolution.com/2023/immigro-html/images/resource/avatar-2.jpg]
[html.kodesolution.com/2023/immigro-html/images/resource/service-3-1.jpg]
[html.kodesolution.com/2023/immigro-html/images/resource/service-3-2.jpg]
[html.kodesolution.com/2023/immigro-html/images/resource/service-3-3.jpg]
[html.kodesolution.com/2023/immigro-html/images/resource/service-3-4.jpg]
[html.kodesolution.com/2023/immigro-html/images/resource/image-2.png]
[html.kodesolution.com/2023/immigro-html/images/resource/about-7.jpg]
[html.kodesolution.com/2023/immigro-html/images/resource/about-8.jpg]
[html.kodesolution.com/2023/immigro-html/images/background/5.jpg]
[html.kodesolution.com/2023/immigro-html/images/resource/image-5.png]
[html.kodesolution.com/2023/immigro-html/images/resource/image-3.png]
[html.kodesolution.com/2023/immigro-html/images/resource/image-4.jpg]
[html.kodesolution.com/2023/immigro-html/images/resource/plane-2.png]
[html.kodesolution.com/2023/immigro-html/images/resource/training-3-1.jpg]
[html.kodesolution.com/2023/immigro-html/images/resource/training-3-2.jpg]
[html.kodesolution.com/2023/immigro-html/images/resource/training-3-3.jpg]
[html.kodesolution.com/2023/immigro-html/images/resource/training-3-4.jpg]
[html.kodesolution.com/2023/immigro-html/images/background/3.jpg]
[html.kodesolution.com/2023/immigro-html/index-3.html]
[html.kodesolution.com/2023/immigro-html/index-1-dark.html]
[html.kodesolution.com/2023/immigro-html/index-3-dark.html]
[html.kodesolution.com/2023/immigro-html/images/pattern/p13.png]
[html.kodesolution.com/2023/immigro-html/index-1-boxed.html]
[html.kodesolution.com/2023/immigro-html/images/pattern/p14.png]
[html.kodesolution.com/2023/immigro-html/index-2-boxed.html]
[html.kodesolution.com/2023/immigro-html/images/pattern/p15.png]
[html.kodesolution.com/2023/immigro-html/index-3-boxed.html]
[html.kodesolution.com/2023/immigro-html/index-1-Single.html]
[html.kodesolution.com/2023/immigro-html/index-2-Single.html]
[html.kodesolution.com/2023/immigro-html/index-3-Single.html]
[html.kodesolution.com/2023/immigro-html/index-1-rtl.html]
[html.kodesolution.com/2023/immigro-html/css/style-rtl.css]
[html.kodesolution.com/2023/immigro-html/images/background/page-title.jpg]
[html.kodesolution.com/2023/immigro-html/page-about.html]
[html.kodesolution.com/2023/immigro-html/js/jquery.countdown.js]
[html.kodesolution.com/2023/immigro-html/js/mixitup.js]
[html.kodesolution.com/2023/immigro-html/page-country.html]
[html.kodesolution.com/2023/immigro-html/images/resource/country-details.jpg]
[html.kodesolution.com/2023/immigro-html/page-country-details.html]
[html.kodesolution.com/2023/immigro-html/page-team.html]
[html.kodesolution.com/2023/immigro-html/images/resource/team-details.jpg]
[html.kodesolution.com/2023/immigro-html/js/jquery.validate.min.js]
[html.kodesolution.com/2023/immigro-html/js/jquery.form.min.js]
[html.kodesolution.com/2023/immigro-html/page-team-details.html]
[html.kodesolution.com/2023/immigro-html/page-testimonial.html]
[html.kodesolution.com/2023/immigro-html/images/resource/products/1.jpg]
[html.kodesolution.com/2023/immigro-html/images/resource/products/2.jpg]
[html.kodesolution.com/2023/immigro-html/images/resource/products/3.jpg]
[html.kodesolution.com/2023/immigro-html/images/resource/products/4.jpg]
[html.kodesolution.com/2023/immigro-html/images/resource/products/5.jpg]
[html.kodesolution.com/2023/immigro-html/images/resource/products/6.jpg]
[html.kodesolution.com/2023/immigro-html/images/resource/products/7.jpg]
[html.kodesolution.com/2023/immigro-html/images/resource/products/8.jpg]
[html.kodesolution.com/2023/immigro-html/shop-products.html]
[html.kodesolution.com/2023/immigro-html/shop-details.html]
[html.kodesolution.com/2023/immigro-html/images/resource/products/thumb-1.jpg]
[html.kodesolution.com/2023/immigro-html/images/resource/products/thumb-2.jpg]
[html.kodesolution.com/2023/immigro-html/images/resource/products/thumb-3.jpg]
[html.kodesolution.com/2023/immigro-html/shop-products-sidebar.html]
[html.kodesolution.com/2023/immigro-html/images/resource/products/product-details.jpg]
[html.kodesolution.com/2023/immigro-html/images/resource/products/product-details2.jpg]
[html.kodesolution.com/2023/immigro-html/images/resource/products/product-details3.jpg]
[html.kodesolution.com/2023/immigro-html/js/bxslider.js]
[html.kodesolution.com/2023/immigro-html/shop-product-details.html]
[html.kodesolution.com/2023/immigro-html/shop-cart.html]
[html.kodesolution.com/2023/immigro-html/shop-checkout.html]
[html.kodesolution.com/2023/immigro-html/page-FAQ.html]
[html.kodesolution.com/2023/immigro-html/images/resource/404.jpg]
[html.kodesolution.com/2023/immigro-html/page-404.html]
[html.kodesolution.com/2023/immigro-html/page-service.html]
[html.kodesolution.com/2023/immigro-html/images/resource/contact.jpg]
[html.kodesolution.com/2023/immigro-html/images/resource/overlay-shape.png]
[html.kodesolution.com/2023/immigro-html/images/resource/service-details.jpg]
[html.kodesolution.com/2023/immigro-html/page-service-details.html]
[html.kodesolution.com/2023/immigro-html/page-course.html]
[html.kodesolution.com/2023/immigro-html/images/resource/course-details.jpg]
[html.kodesolution.com/2023/immigro-html/page-course-details.html]
[html.kodesolution.com/2023/immigro-html/news-grid.html]
[html.kodesolution.com/2023/immigro-html/images/resource/news-details.jpg]
[html.kodesolution.com/2023/immigro-html/images/resource/testimonial-4.jpg]
[html.kodesolution.com/2023/immigro-html/images/resource/testimonial-5.jpg]
[html.kodesolution.com/2023/immigro-html/news-details.html]
[html.kodesolution.com/2023/immigro-html/page-contact.html]
[html.kodesolution.com/2023/immigro-html/css/animate.css]
[html.kodesolution.com/2023/immigro-html/css/owl.video.play.png]
[html.kodesolution.com/2023/immigro-html/css/owl.css]
[html.kodesolution.com/2023/immigro-html/css/swiper.min.css]
[html.kodesolution.com/2023/immigro-html/css/jquery.fancybox.min.css]
[html.kodesolution.com/2023/immigro-html/css/images/ui-icons_444444_256x240.png]
[html.kodesolution.com/2023/immigro-html/css/images/ui-icons_555555_256x240.png]
[html.kodesolution.com/2023/immigro-html/css/images/ui-icons_777620_256x240.png]
[html.kodesolution.com/2023/immigro-html/css/images/ui-icons_cc0000_256x240.png]
[html.kodesolution.com/2023/immigro-html/css/jquery-ui.css]
[html.kodesolution.com/2023/immigro-html/fonts/linearicons-free8429.eot]
[html.kodesolution.com/2023/immigro-html/fonts/linearicons-free8429.ttf]
[html.kodesolution.com/2023/immigro-html/fonts/linearicons-free8429.woff]
[html.kodesolution.com/2023/immigro-html/css/linear.css]
[html.kodesolution.com/2023/immigro-html/css/select2.min.css]
[html.kodesolution.com/2023/immigro-html/fonts/linearicons-free8429.svg]
[html.kodesolution.com/2023/immigro-html/fonts/fa-brands-400.woff2]
[html.kodesolution.com/2023/immigro-html/fonts/fa-brands-400.woff]
[html.kodesolution.com/2023/immigro-html/fonts/fa-brands-400.ttf]
[html.kodesolution.com/2023/immigro-html/fonts/fa-duotone-900.woff2]
[html.kodesolution.com/2023/immigro-html/fonts/fa-duotone-900.woff]
[html.kodesolution.com/2023/immigro-html/fonts/fa-duotone-900.ttf]
[html.kodesolution.com/2023/immigro-html/fonts/fa-light-300.woff2]
[html.kodesolution.com/2023/immigro-html/fonts/fa-light-300.woff]
[html.kodesolution.com/2023/immigro-html/fonts/fa-light-300.ttf]
[html.kodesolution.com/2023/immigro-html/fonts/fa-regular-400.woff2]
[html.kodesolution.com/2023/immigro-html/fonts/fa-regular-400.woff]
[html.kodesolution.com/2023/immigro-html/fonts/fa-regular-400.ttf]
[html.kodesolution.com/2023/immigro-html/fonts/fa-solid-900.woff2]
[html.kodesolution.com/2023/immigro-html/fonts/fa-solid-900.woff]
[html.kodesolution.com/2023/immigro-html/fonts/fa-solid-900.ttf]
[html.kodesolution.com/2023/immigro-html/fonts/fa-thin-100.woff2]
[html.kodesolution.com/2023/immigro-html/fonts/fa-thin-100.woff]
[html.kodesolution.com/2023/immigro-html/css/fontawesome.css]
[html.kodesolution.com/2023/immigro-html/fonts/fa-thin-100.ttf]
[html.kodesolution.com/2023/immigro-html/fonts/flaticon_visa6cd5.ttf]
[html.kodesolution.com/2023/immigro-html/fonts/flaticon_visa6cd5.woff]
[html.kodesolution.com/2023/immigro-html/fonts/flaticon_visa6cd5.woff2]
[html.kodesolution.com/2023/immigro-html/fonts/flaticon_visa6cd5.eot]
[html.kodesolution.com/2023/immigro-html/css/flaticon.css]
[html.kodesolution.com/2023/immigro-html/css/tm-bs-mp.css]
[html.kodesolution.com/2023/immigro-html/css/tm-utility-classes.css]
[html.kodesolution.com/2023/immigro-html/images/icons/pattern-10.html]
[html.kodesolution.com/2023/immigro-html/images/icons/icon-dots.html]
[html.kodesolution.com/2023/immigro-html/images/icons/line-5.html]
[html.kodesolution.com/2023/immigro-html/images/icons/pattern-3.html]
[html.kodesolution.com/2023/immigro-html/images/icons/cat-1-bg.html]
[html.kodesolution.com/2023/immigro-html/images/icons/cat-2-bg.html]
[html.kodesolution.com/2023/immigro-html/images/icons/cat-3-bg.html]
[html.kodesolution.com/2023/immigro-html/images/icons/cat-4-bg.html]
[html.kodesolution.com/2023/immigro-html/images/icons/pattern-8.html]
[html.kodesolution.com/2023/immigro-html/images/icons/shapes-dark.html]
[html.kodesolution.com/2023/immigro-html/fonts/flaticon_visa6cd5.svg]
[html.kodesolution.com/2023/immigro-html/plugins/revolution/fonts/revicons/revicons90c6.eot]
[html.kodesolution.com/2023/immigro-html/plugins/revolution/fonts/revicons/revicons90c6.woff]
[html.kodesolution.com/2023/immigro-html/plugins/revolution/fonts/revicons/revicons90c6.ttf]
[html.kodesolution.com/2023/immigro-html/plugins/revolution/fonts/revicons/revicons90c6.svg]
[html.kodesolution.com/2023/immigro-html/plugins/revolution/css/openhand.cur]
[html.kodesolution.com/2023/immigro-html/plugins/revolution/css/closedhand.cur]
[html.kodesolution.com/2023/immigro-html/plugins/revolution/assets/gridtile.png]
[html.kodesolution.com/2023/immigro-html/plugins/revolution/assets/gridtile_white.png]
[html.kodesolution.com/2023/immigro-html/plugins/revolution/assets/gridtile_3x3.png]
[html.kodesolution.com/2023/immigro-html/plugins/revolution/assets/gridtile_3x3_white.png]
[html.kodesolution.com/2023/immigro-html/plugins/revolution/assets/coloredbg.png]
[html.kodesolution.com/2023/immigro-html/plugins/revolution/assets/loader.gif]
[html.kodesolution.com/2023/immigro-html/plugins/revolution/css/settings.css]
[html.kodesolution.com/2023/immigro-html/plugins/revolution/css/layers.css]
[html.kodesolution.com/2023/immigro-html/plugins/revolution/css/navigation.css]
[html.kodesolution.com/2023/immigro-html/css/style-rtl.css]
[html.kodesolution.com/2023/immigro-html/shop-details.html]
[html.kodesolution.com/2023/immigro-html/css/owl.video.play.html]
[html.kodesolution.com/2023/immigro-html/css/images/ui-icons_777620_256x240.html]
[html.kodesolution.com/2023/immigro-html/css/images/ui-icons_cc0000_256x240.html]
[html.kodesolution.com/2023/immigro-html/fonts/linearicons-free8429.svg]
[html.kodesolution.com/2023/immigro-html/fonts/flaticon_visa6cd5.html]
[html.kodesolution.com/2023/immigro-html/fonts/flaticon_visa6cd5.svg]
[html.kodesolution.com/2023/immigro-html/plugins/revolution/fonts/revicons/revicons90c6.svg]
